
  ___  ____  ____  ____  ____ (R)
 /__    /   ____/   /   ____/
___/   /   /___/   /   /___/   11.2   Copyright 1985-2009 StataCorp LP
  Statistics/Data Analysis            StataCorp
                                      4905 Lakeway Drive
                                      College Station, Texas 77845 USA
                                      800-STATA-PC        http://www.stata.com
                                      979-696-4600        stata@stata.com
                                      979-696-4601 (fax)

35-student Stata lab perpetual license:
       Serial number:  30110513240
         Licensed to:  Biostat
                       Johns Hopkins University

Notes:
      1.  10.00 MB allocated to data
      2.  Stata running in batch mode

. do test.do 
file test.do not found
r(601);
